python : 88 INFO: PyInstaller: 
6.17.0, contrib hooks: 2025.10
At line:1 char:1
+ python scripts/build_app.py 
2>&1 | Tee-Object -FilePath 
build_output. ...
+ ~~~~~~~~~~~~~~~~~~~~~~~~~~~~~~~~
    + CategoryInfo          : Not 
   Specified: (88 INFO: PyInst..  
  . hooks: 2025.10:String) [],    
 RemoteException
    + FullyQualifiedErrorId : Nat 
   iveCommandError
 
88 INFO: Python: 3.11.6
95 INFO: Platform: 
Windows-10-10.0.26200-SP0
95 INFO: Python environment: C:\Us
ers\diego\AppData\Local\Programs\P
ython\Python311
95 INFO: wrote 
build_specs\CapperSuite.spec
97 INFO: Removing temporary files 
and cleaning cache in C:\Users\die
go\AppData\Local\pyinstaller
98 INFO: Module search paths 
(PYTHONPATH):
['D:\\Programs\\Sports Betting\\Te
legramScraper\\v0.0.15\\scripts',
 'C:\\Users\\diego\\AppData\\Local
\\Programs\\Python\\Python311\\pyt
hon311.zip',
 'C:\\Users\\diego\\AppData\\Local
\\Programs\\Python\\Python311\\DLL
s',
 'C:\\Users\\diego\\AppData\\Local
\\Programs\\Python\\Python311\\Lib
',
 'C:\\Users\\diego\\AppData\\Local
\\Programs\\Python\\Python311',
 'C:\\Users\\diego\\AppData\\Local
\\Programs\\Python\\Python311\\Lib
\\site-packages',
 'D:\\Programs\\Sports Betting\\Te
legramScraper\\v0.0.15']
pygame 2.6.1 (SDL 2.28.4, Python 3.11.6)
Hello from the pygame community. https://www.pygame.org/contribute.html
755 INFO: Appending 'datas' from 
.spec
Building from: D:\Programs\Sports Betting\TelegramScraper\v0.0.15
Building for win32...
ERROR: Unable to find 
'D:\\Programs\\Sports Betting\\Tel
egramScraper\\v0.0.15\\build_specs
\\templates' when adding binary 
and data files.
